Starting a Gradle Daemon, 1 incompatible and 2 stopped Daemons could not be reused, use --status for details

> Configure project :
Fabric Loom: 1.17.19

> Task :compileJava UP-TO-DATE
> Task :processResources UP-TO-DATE
> Task :classes UP-TO-DATE
> Task :generateLog4jConfig UP-TO-DATE
> Task :generateDLIConfig UP-TO-DATE
> Task :configureLaunch UP-TO-DATE
> Task :downloadAssets UP-TO-DATE
> Task :configureClientLaunch UP-TO-DATE

> Task :runClient
[34m[12:08:57][m [32m[main/INFO][m [36m(FabricLoader/GameProvider)[m [0mLoading Minecraft 26.2 with Fabric Loader 0.19.3
[m[34m[12:08:57][m [32m[main/INFO][m [36m(FabricLoader/Mappings)[m [0mMappings not present!
[m[34m[12:08:57][m [32m[main/INFO][m [36m(FabricLoader)[m [0mLoading 21 mods:
	- fabric-api-base 2.0.4+ece063239e
	- fabric-resource-loader-v1 2.0.13+9edec1269e
	- fabricloader 0.19.3
	- java 25
	- meteor-client 26.2-7
	   |-- com_google_code_gson_gson 2.14.0
	   |-- com_google_errorprone_error_prone_annotations 2.48.0
	   |-- de_florianreuth_waybackauthlib 1.1.0
	   |-- io_netty_netty-codec-socks 4.2.15
	   |-- io_netty_netty-handler-proxy 4.2.15
	   |-- meteordevelopment_discord-ipc 1.1
	   |-- meteordevelopment_orbit 0.2.4
	   |-- net_lenni0451_commons_gson 1.9.2
	   |-- net_lenni0451_commons_httpclient 1.9.2
	   |-- net_raphimc_minecraftauth 5.0.2
	   |-- org_javassist_javassist 3.28.0-GA
	   |-- org_meteordev_starscript 0.2.5
	   \-- org_reflections_reflections 0.10.2
	- minecraft 26.2
	- mixinextras 0.5.4
	- weirdpvp 0.1.0
[m[34m[12:08:57][m [32m[main/INFO][m [36m(FabricLoader/Mixin)[m [0mSpongePowered MIXIN Subsystem Version=0.8.7 Source=file:/C:/Users/orang/.gradle/caches/modules-2/files-2.1/net.fabricmc/sponge-mixin/0.17.3+mixin.0.8.7/41c4a3984a80f4679e759fb9f495587acc5cdac7/sponge-mixin-0.17.3+mixin.0.8.7.jar Service=Knot/Fabric Env=CLIENT
[m[34m[12:08:57][m [32m[main/INFO][m [36m(FabricLoader/Mixin)[m [0mCompatibility level set to JAVA_25
[m[34m[12:08:57][m [33m[main/WARN][m [36m(FabricLoader/Mixin)[m [0mError loading class: baritone/command/defaults/ComeCommand (java.lang.ClassNotFoundException: baritone/command/defaults/ComeCommand)
[m[34m[12:08:57][m [33m[main/WARN][m [36m(FabricLoader/Mixin)[m [0m@Mixin target baritone.command.defaults.ComeCommand was not found meteor-client-baritone.mixins.json:ComeCommandMixin from mod meteor-client
[m[34m[12:08:58][m [32m[main/INFO][m [36m(FabricLoader/MixinExtras|Service)[m [0mInitializing MixinExtras via com.llamalad7.mixinextras.service.MixinExtrasServiceImpl(version=0.5.4).
[m[34m[12:08:59][m [32m[Datafixer Bootstrap #0/INFO][m [36m(Minecraft)[m [0m295 Datafixer optimizations took 394 milliseconds
[m[34m[12:09:04][m [32m[Render thread/INFO][m [36m(Minecraft)[m [0mEnvironment: Environment[sessionHost=https://sessionserver.mojang.com, servicesHost=https://api.minecraftservices.com, profilesHost=https://api.mojang.com, name=PROD]
[m[34m[12:09:04][m [32m[Render thread/INFO][m [36m(Minecraft)[m [0mSetting user: Player303
[m[34m[12:09:05][m [32m[Render thread/INFO][m [36m(Minecraft)[m [0mBackend library: LWJGL version 3.4.1-snapshot
[m[34m[12:09:05][m [32m[Render thread/INFO][m [36m(Minecraft)[m [0mUsing graphics backend OpenGL, using drivers: 3.3.0 NVIDIA 596.49
[m[34m[12:09:05][m [32m[Render thread/INFO][m [36m(Minecraft)[m [0mUsing graphics device: NVIDIA GeForce RTX 4050 Laptop GPU/PCIe/SSE2 (NVIDIA Corporation)
[m[34m[12:09:05][m [32m[Render thread/INFO][m [36m(Minecraft)[m [0mUsing graphics device extensions: GL_ARB_multi_draw_indirect, GL_ARB_buffer_storage, GL_ARB_shader_draw_parameters, GL_ARB_base_instance, GL_KHR_debug, GL_ARB_draw_indirect, GL_ARB_clip_control, GL_ARB_vertex_attrib_binding, GL_ARB_direct_state_access, GL_EXT_texture_filter_anisotropic
[m[34m[12:09:06][m [32m[Render thread/INFO][m [36m(Minecraft)[m [0mReloading ResourceManager: vanilla, fabric-api-base, fabric-resource-loader-v1, fabricloader, meteor-client, weirdpvp
[m[34m[12:09:06][m [32m[Download-1/INFO][m [36m(Minecraft)[m [0mCould not authorize you against Realms server: java.lang.RuntimeException: Failed to parse into SignedJWT: FabricMC
[m[34m[12:09:06][m [32m[Render thread/INFO][m [36m(WeirdPvP)[m [0mHello from ExampleMixin!
[m[34m[12:09:06][m [32m[Render thread/INFO][m [36m(Meteor Client)[m [0mForce loading mixins
[m[34m[12:09:06][m [32m[Render thread/INFO][m [36m(FabricLoader/Mixin/audit)[m [0mForce-loading class net.minecraft.client.multiplayer.ClientChunkCache
[m[34m[12:09:06][m [32m[Render thread/INFO][m [36m(FabricLoader/Mixin/audit)[m [0mForce-loading class net.minecraft.client.multiplayer.ClientChunkCache$Storage
[m[34m[12:09:06][m [32m[Render thread/INFO][m [36m(FabricLoader/Mixin/audit)[m [0mForce-loading class net.minecraft.client.renderer.chunk.VisGraph
[m[34m[12:09:06][m [32m[Render thread/INFO][m [36m(FabricLoader/Mixin/audit)[m [0mForce-loading class net.minecraft.world.inventory.AbstractMountInventoryMenu
[m[34m[12:09:06][m [32m[Render thread/INFO][m [36m(FabricLoader/Mixin/audit)[m [0mForce-loading class net.minecraft.server.network.config.SynchronizeRegistriesTask
[m[34m[12:09:06][m [32m[Render thread/INFO][m [36m(FabricLoader/Mixin/audit)[m [0mForce-loading class net.minecraft.network.Connection
[m[34m[12:09:06][m [32m[Render thread/INFO][m [36m(FabricLoader/Mixin/audit)[m [0mForce-loading class net.minecraft.client.gui.components.ChatComponent$DrawingFocusedGraphicsAccess
[m[34m[12:09:06][m [32m[Render thread/INFO][m [36m(FabricLoader/Mixin/audit)[m [0mForce-loading class net.minecraft.network.CompressionDecoder
[m[34m[12:09:06][m [32m[Worker-Main-15/INFO][m [36m(Minecraft)[m [0mFound unifont_all_no_pua-17.0.01.hex, loading
[m[34m[12:09:06][m [32m[Render thread/INFO][m [36m(FabricLoader/Mixin/audit)[m [0mForce-loading class net.minecraft.network.protocol.BundlerInfo$1$1
[m[34m[12:09:06][m [32m[Render thread/INFO][m [36m(FabricLoader/Mixin/audit)[m [0mForce-loading class net.minecraft.client.renderer.blockentity.BannerRenderer
[m[34m[12:09:06][m [32m[Worker-Main-10/INFO][m [36m(Minecraft)[m [0mFound unifont_pua-17.0.01.hex, loading
[m[34m[12:09:06][m [32m[Render thread/INFO][m [36m(FabricLoader/Mixin/audit)[m [0mForce-loading class net.minecraft.network.protocol.game.ClientboundExplodePacket
[m[34m[12:09:06][m [32m[Render thread/INFO][m [36m(FabricLoader/Mixin/audit)[m [0mForce-loading class com.mojang.blaze3d.vulkan.VulkanDevice
[m[34m[12:09:06][m [32m[Render thread/INFO][m [36m(FabricLoader/Mixin/audit)[m [0mForce-loading class net.minecraft.network.protocol.configuration.ServerboundSelectKnownPacks
[m[34m[12:09:06][m [32m[Render thread/INFO][m [36m(FabricLoader/Mixin/audit)[m [0mForce-loading class net.minecraft.client.renderer.blockentity.SpawnerRenderer
[m[34m[12:09:06][m [32m[Render thread/INFO][m [36m(FabricLoader/Mixin/audit)[m [0mForce-loading class net.minecraft.client.renderer.entity.state.EntityRenderState
[m[34m[12:09:06][m [32m[Render thread/INFO][m [36m(FabricLoader/Mixin/audit)[m [0mForce-loading class net.minecraft.world.entity.projectile.ProjectileUtil
[m[34m[12:09:06][m [32m[Worker-Main-7/INFO][m [36m(Minecraft)[m [0mFound unifont_jp_patch-17.0.01.hex, loading
[m[34m[12:09:06][m [32m[Render thread/INFO][m [36m(FabricLoader/Mixin/audit)[m [0mForce-loading class net.minecraft.client.multiplayer.resolver.AddressCheck
[m[34m[12:09:06][m [32m[Render thread/INFO][m [36m(FabricLoader/Mixin/audit)[m [0mForce-loading class net.minecraft.client.particle.FireworkParticles$Starter
[m[34m[12:09:06][m [32m[Render thread/INFO][m [36m(FabricLoader/Mixin/audit)[m [0mForce-loading class net.minecraft.client.renderer.blockentity.BeaconRenderer
[m[34m[12:09:06][m [32m[Render thread/INFO][m [36m(FabricLoader/Mixin/audit)[m [0mForce-loading class net.minecraft.client.gui.screens.inventory.BookViewScreen
[m[34m[12:09:06][m [32m[Render thread/INFO][m [36m(FabricLoader/Mixin/audit)[m [0mForce-loading class net.minecraft.client.gui.screens.inventory.BrewingStandScreen
[m[34m[12:09:06][m [32m[Render thread/INFO][m [36m(FabricLoader/Mixin/audit)[m [0mForce-loading class net.minecraft.client.gui.BundleMouseActions
[m[34m[12:09:06][m [32m[Render thread/INFO][m [36m(FabricLoader/Mixin/audit)[m [0mForce-loading class net.minecraft.client.multiplayer.MultiPlayerGameMode
[m[34m[12:09:06][m [32m[Render thread/INFO][m [36m(FabricLoader/Mixin/audit)[m [0mForce-loading class net.minecraft.client.gui.screens.inventory.BeaconScreen
[m[34m[12:09:06][m [32m[Render thread/INFO][m [36m(FabricLoader/Mixin/audit)[m [0mForce-loading class net.minecraft.client.renderer.entity.layers.CapeLayer
[m[34m[12:09:06][m [32m[Render thread/INFO][m [36m(FabricLoader/Mixin/audit)[m [0mForce-loading class net.minecraft.client.gui.screens.inventory.BookEditScreen
[m[34m[12:09:06][m [32m[Render thread/INFO][m [36m(FabricLoader/Mixin/audit)[m [0mForce-loading class net.minecraft.network.protocol.game.ServerboundMovePlayerPacket
[m[34m[12:09:06][m [32m[Render thread/INFO][m [36m(FabricLoader/Mixin/audit)[m [0mForce-loading class net.minecraft.server.ServerAdvancementManager
[m[34m[12:09:06][m [32m[Render thread/INFO][m [36m(FabricLoader/Mixin/audit)[m [0mForce-loading class net.minecraft.client.gui.GuiGraphicsExtractor
[m[34m[12:09:06][m [32m[Render thread/INFO][m [36m(FabricLoader/Mixin/audit)[m [0mForce-loading class net.minecraft.world.level.entity.LevelEntityGetterAdapter
[m[34m[12:09:06][m [32m[Render thread/INFO][m [36m(FabricLoader/Mixin/audit)[m [0mForce-loading class net.minecraft.client.renderer.BiomeColors
[m[34m[12:09:06][m [32m[Render thread/INFO][m [36m(FabricLoader/Mixin/audit)[m [0mForce-loading class net.minecraft.client.renderer.block.ModelBlockRenderer
[m[34m[12:09:06][m [32m[Render thread/INFO][m [36m(FabricLoader/Mixin/audit)[m [0mForce-loading class net.minecraft.client.gui.components.ChatComponent$DrawingBackgroundGraphicsAccess
[m[34m[12:09:06][m [32m[Render thread/INFO][m [36m(FabricLoader/Mixin/audit)[m [0mForce-loading class net.minecraft.client.multiplayer.KnownPacksManager
[m[34m[12:09:06][m [32m[Render thread/INFO][m [36m(FabricLoader/Mixin/audit)[m [0mForce-loading class net.minecraft.server.commands.DataPackCommand
[m[34m[12:09:06][m [32m[Render thread/INFO][m [36m(FabricLoader/Mixin/audit)[m [0mForce-loading class net.minecraft.client.gui.screens.packs.PackSelectionModel
[m[34m[12:09:06][m [32m[Render thread/INFO][m [36m(FabricLoader/Mixin/audit)[m [0mForce-loading class net.minecraft.gametest.framework.GameTestServer
[m[34m[12:09:06][m [32m[Render thread/INFO][m [36m(FabricLoader/Mixin/audit)[m [0mForce-loading class net.minecraft.network.protocol.game.ClientboundSetEntityMotionPacket
[m[34m[12:09:06][m [32m[Render thread/INFO][m [36m(FabricLoader/Mixin/audit)[m [0mForce-loading class net.minecraft.client.renderer.blockentity.AbstractSignRenderer
[m[34m[12:09:06][m [32m[Render thread/INFO][m [36m(FabricLoader/Mixin/audit)[m [0mForce-loading class net.minecraft.world.item.crafting.RecipeManager
[m[34m[12:09:06][m [32m[Render thread/INFO][m [36m(FabricLoader/Mixin/audit)[m [0mForce-loading class net.minecraft.client.gui.screens.ConnectScreen
[m[34m[12:09:06][m [32m[Render thread/INFO][m [36m(FabricLoader/Mixin/audit)[m [0mForce-loading class net.minecraft.server.ReloadableServerResources
[m[34m[12:09:06][m [32m[Render thread/INFO][m [36m(FabricLoader/Mixin/audit)[m [0mForce-loading class net.minecraft.client.renderer.block.FluidRenderer
[m[34m[12:09:06][m [32m[Render thread/INFO][m [36m(FabricLoader/Mixin/audit)[m [0mForce-loading class net.minecraft.client.renderer.entity.LightningBoltRenderer
[m[34m[12:09:06][m [32m[Render thread/INFO][m [36m(FabricLoader/Mixin/audit)[m [0mForce-loading class net.minecraft.client.renderer.entity.layers.CustomHeadLayer
[m[34m[12:09:06][m [32m[Render thread/INFO][m [36m(FabricLoader/Mixin/audit)[m [0mForce-loading class net.minecraft.client.gui.components.ChatComponent$1
[m[34m[12:09:06][m [32m[Render thread/INFO][m [36m(FabricLoader/Mixin/audit)[m [0mForce-loading class net.minecraft.client.renderer.entity.ItemEntityRenderer
[m[34m[12:09:06][m [32m[Render thread/INFO][m [36m(FabricLoader/Mixin/audit)[m [0mForce-loading class net.minecraft.client.gui.screens.packs.TransferableSelectionList$PackEntry
[m[34m[12:09:06][m [32m[Render thread/INFO][m [36m(FabricLoader/Mixin/audit)[m [0mForce-loading class net.minecraft.client.gui.screens.inventory.CreativeModeInventoryScreen
[m[34m[12:09:06][m [32m[Render thread/INFO][m [36m(FabricLoader/Mixin/audit)[m [0mForce-loading class net.minecraft.world.food.FoodData
[m[34m[12:09:06][m [32m[Render thread/INFO][m [36m(FabricLoader/Mixin/audit)[m [0mForce-loading class net.minecraft.client.renderer.entity.EndCrystalRenderer
[m[34m[12:09:06][m [32m[Render thread/INFO][m [36m(FabricLoader/Mixin/audit)[m [0mForce-loading class net.minecraft.client.player.KeyboardInput
[m[34m[12:09:06][m [32m[Render thread/INFO][m [36m(FabricLoader/Mixin/audit)[m [0mForce-loading class net.minecraft.client.multiplayer.ClientPacketListener
[m[34m[12:09:06][m [32m[Render thread/INFO][m [36m(FabricLoader/Mixin/audit)[m [0mForce-loading class net.minecraft.client.renderer.SkyRenderer
[m[34m[12:09:06][m [32m[Render thread/INFO][m [36m(FabricLoader/Mixin/audit)[m [0mForce-loading class net.minecraft.client.gui.screens.DisconnectedScreen
[m[34m[12:09:06][m [32m[Render thread/INFO][m [36m(FabricLoader/Mixin/audit)[m [0mForce-loading class net.minecraft.client.renderer.entity.ArmorStandRenderer
[m[34m[12:09:06][m [32m[Render thread/INFO][m [36m(FabricLoader/Mixin/audit)[m [0mForce-loading class net.minecraft.client.multiplayer.chat.GuiMessage$Line
[m[34m[12:09:06][m [32m[Render thread/INFO][m [36m(FabricLoader/Mixin/audit)[m [0mForce-loading class net.minecraft.client.renderer.entity.layers.WingsLayer
[m[34m[12:09:06][m [32m[Render thread/INFO][m [36m(FabricLoader/Mixin/audit)[m [0mForce-loading class net.minecraft.world.level.ClipContext
[m[34m[12:09:06][m [32m[Render thread/INFO][m [36m(FabricLoader/Mixin/audit)[m [0mForce-loading class net.minecraft.world.level.border.WorldBorder
[m[34m[12:09:06][m [32m[Render thread/INFO][m [36m(FabricLoader/Mixin/audit)[m [0mForce-loading class net.minecraft.util.LightCoordsUtil$BrightnessGetter
[m[34m[12:09:06][m [32m[Render thread/INFO][m [36m(FabricLoader/Mixin/audit)[m [0mForce-loading class net.minecraft.client.renderer.debug.EntityHitboxDebugRenderer
[m[34m[12:09:06][m [32m[Render thread/INFO][m [36m(FabricLoader/Mixin/audit)[m [0mForce-loading class net.minecraft.client.renderer.debug.ChunkBorderRenderer
[m[34m[12:09:06][m [32m[Render thread/INFO][m [36m(FabricLoader/Mixin/audit)[m [0mForce-loading class net.minecraft.world.level.entity.EntitySection
[m[34m[12:09:06][m [32m[Render thread/INFO][m [36m(FabricLoader/Mixin/audit)[m [0mForce-loading class net.minecraft.world.level.BlockCollisions
[m[34m[12:09:06][m [32m[Render thread/INFO][m [36m(FabricLoader/Mixin/audit)[m [0mForce-loading class net.minecraft.client.model.object.crystal.EndCrystalModel
[m[34m[12:09:06][m [32m[Render thread/INFO][m [36m(FabricLoader/Mixin/audit)[m [0mForce-loading class net.minecraft.client.gui.screens.worldselection.CreateWorldScreen
[m[34m[12:09:06][m [32m[Render thread/INFO][m [36m(FabricLoader/Mixin/audit)[m [0mForce-loading class net.minecraft.client.gui.screens.inventory.AbstractSignEditScreen
[m[34m[12:09:06][m [32m[Render thread/INFO][m [36m(FabricLoader/Mixin/audit)[m [0mForce-loading class net.minecraft.world.entity.EntityFluidInteraction
[m[34m[12:09:07][m [32m[Render thread/INFO][m [36m(FabricLoader/Mixin/audit)[m [0mForce-loading class net.minecraft.client.gui.screens.inventory.CreativeModeInventoryScreen$SlotWrapper
[m[34m[12:09:07][m [32m[Render thread/INFO][m [36m(FabricLoader/Mixin/audit)[m [0mForce-loading class net.minecraft.server.dedicated.DedicatedServerProperties
[m[34m[12:09:07][m [32m[Render thread/INFO][m [36m(FabricLoader/Mixin/audit)[m [0mForce-loading class net.minecraft.client.gui.components.CommandSuggestions
[m[34m[12:09:07][m [32m[Render thread/INFO][m [36m(FabricLoader/Mixin/audit)[m [0mForce-loading class net.minecraft.client.renderer.entity.layers.HumanoidArmorLayer
[m[34m[12:09:07][m [32m[Render thread/INFO][m [36m(FabricLoader/Mixin/audit)[m [0mForce-loading class net.minecraft.client.renderer.blockentity.EnchantTableRenderer
[m[34m[12:09:07][m [32m[Render thread/INFO][m [36m(FabricLoader/Mixin/audit)[m [0mForce-loading class net.minecraft.server.ServerFunctionLibrary
[m[34m[12:09:07][m [32m[Render thread/INFO][m [36m(FabricLoader/Mixin/audit)[m [0mForce-loading class net.minecraft.server.network.ServerConfigurationPacketListenerImpl
[m[34m[12:09:07][m [32m[Render thread/INFO][m [36m(FabricLoader/Mixin/audit)[m [0mForce-loading class net.minecraft.client.gui.screens.inventory.AbstractFurnaceScreen
[m[34m[12:09:07][m [32m[Render thread/INFO][m [36m(FabricLoader/Mixin/audit)[m [0mForce-loading class net.minecraft.client.gui.screens.inventory.tooltip.ClientTooltipComponent
[m[34m[12:09:07][m [32m[Render thread/INFO][m [36m(FabricLoader/Mixin/audit)[m [0mForce-loading class net.minecraft.world.level.entity.EntitySectionStorage
[m[34m[12:09:07][m [32m[Render thread/INFO][m [36m(Meteor Client)[m [0mInitializing Meteor Client
[m[34m[12:09:07][m [32m[Render thread/INFO][m [36m(Reflections)[m [0mReflections took 365 ms to scan 1 urls, producing 20 keys and 962 values
[m[34m[12:09:07][m [32m[Render thread/INFO][m [36m(Reflections)[m [0mReflections took 10 ms to scan 1 urls, producing 2 keys and 2 values
[m[34m[12:09:07][m [33m[Render thread/WARN][m [36m(Meteor Client)[m [0mFailed to load system font Lexend Deca Regular (C:\Users\orang\AppData\Local\Microsoft\Windows\Fonts\LexendDeca-VariableFont_wght.ttf)
[m[34m[12:09:07][m [33m[Render thread/WARN][m [36m(Meteor Client)[m [0mFailed to load system font Caladea Italic (C:\WINDOWS\Fonts\Caladea-Italic.ttf)
[m[34m[12:09:07][m [33m[Render thread/WARN][m [36m(Meteor Client)[m [0mFailed to load system font DejaVu Sans Regular (C:\WINDOWS\Fonts\DejaVuSans-Oblique.ttf)
[m[34m[12:09:07][m [33m[Render thread/WARN][m [36m(Meteor Client)[m [0mFailed to load system font DejaVu Sans Regular (C:\WINDOWS\Fonts\DejaVuSans.ttf)
[m[34m[12:09:07][m [33m[Render thread/WARN][m [36m(Meteor Client)[m [0mFailed to load system font DejaVu Sans Condensed Regular (C:\WINDOWS\Fonts\DejaVuSansCondensed-Oblique.ttf)
[m[34m[12:09:07][m [33m[Render thread/WARN][m [36m(Meteor Client)[m [0mFailed to load system font DejaVu Sans Condensed Regular (C:\WINDOWS\Fonts\DejaVuSansCondensed.ttf)
[m[34m[12:09:07][m [33m[Render thread/WARN][m [36m(Meteor Client)[m [0mFailed to load system font DejaVu Sans Mono Regular (C:\WINDOWS\Fonts\DejaVuSansMono-Oblique.ttf)
[m[34m[12:09:07][m [33m[Render thread/WARN][m [36m(Meteor Client)[m [0mFailed to load system font DejaVu Sans Mono Regular (C:\WINDOWS\Fonts\DejaVuSansMono.ttf)
[m[34m[12:09:07][m [33m[Render thread/WARN][m [36m(Meteor Client)[m [0mFailed to load system font Linux Libertine G Regular (C:\WINDOWS\Fonts\LinLibertine_RZ_G.ttf)
[m[34m[12:09:07][m [33m[Render thread/WARN][m [36m(Meteor Client)[m [0mFailed to load system font Linux Libertine G Regular (C:\WINDOWS\Fonts\LinLibertine_R_G.ttf)
[m[34m[12:09:07][m [33m[Render thread/WARN][m [36m(Meteor Client)[m [0mFailed to load system font Miriam Mono CLM Regular (C:\WINDOWS\Fonts\MiriamMonoCLM-Book.ttf)
[m[34m[12:09:07][m [33m[Render thread/WARN][m [36m(Meteor Client)[m [0mFailed to load system font Miriam Mono CLM Regular (C:\WINDOWS\Fonts\MiriamMonoCLM-BookOblique.ttf)
[m[34m[12:09:07][m [33m[Render thread/WARN][m [36m(Meteor Client)[m [0mFailed to load system font Rubik Regular (C:\WINDOWS\Fonts\Rubik-Regular.ttf)
[m[34m[12:09:07][m [32m[Render thread/INFO][m [36m(Meteor Client)[m [0mFound 136 font families.
[m[34m[12:09:07][m [32m[Render thread/INFO][m [36m(Meteor Client)[m [0mPath Manager: none
[m[34m[12:09:08][m [32m[Render thread/INFO][m [36m(WeirdPvP)[m [0mInitializing WeirdPvP Addon
[m[34m[12:09:08][m [32m[Render thread/INFO][m [36m(Meteor Client)[m [0mLoading
[m[34m[12:09:08][m [32m[Render thread/INFO][m [36m(Meteor Client)[m [0mLoaded in 50 milliseconds
[m[34m[12:09:09][m [32m[Render thread/INFO][m [36m(Minecraft)[m [0mOpenAL initialized on device OpenAL Soft on Speakers (Realtek(R) Audio)
[m[34m[12:09:09][m [32m[Render thread/INFO][m [36m(Minecraft)[m [0mSound engine started
[m[34m[12:09:09][m [32m[Render thread/INFO][m [36m(Minecraft)[m [0mCreated: 512x256x0 minecraft:textures/atlas/particles.png-atlas
[m[34m[12:09:09][m [32m[Render thread/INFO][m [36m(Minecraft)[m [0mCreated: 128x128x0 minecraft:textures/atlas/decorated_pot.png-atlas
[m[34m[12:09:09][m [32m[Render thread/INFO][m [36m(Minecraft)[m [0mCreated: 2048x1024x0 minecraft:textures/atlas/armor_trims.png-atlas
[m[34m[12:09:09][m [32m[Render thread/INFO][m [36m(Minecraft)[m [0mCreated: 512x256x0 minecraft:textures/atlas/paintings.png-atlas
[m[34m[12:09:09][m [32m[Render thread/INFO][m [36m(Minecraft)[m [0mCreated: 1024x512x0 minecraft:textures/atlas/shield_patterns.png-atlas
[m[34m[12:09:09][m [32m[Render thread/INFO][m [36m(Minecraft)[m [0mCreated: 2048x2048x4 minecraft:textures/atlas/blocks.png-atlas
[m[34m[12:09:09][m [32m[Render thread/INFO][m [36m(Minecraft)[m [0mCreated: 512x512x0 minecraft:textures/atlas/chest.png-atlas
[m[34m[12:09:09][m [32m[Render thread/INFO][m [36m(Minecraft)[m [0mCreated: 256x128x0 minecraft:textures/atlas/celestials.png-atlas
[m[34m[12:09:09][m [32m[Render thread/INFO][m [36m(Minecraft)[m [0mCreated: 1024x512x0 minecraft:textures/atlas/banner_patterns.png-atlas
[m[34m[12:09:09][m [32m[Render thread/INFO][m [36m(Minecraft)[m [0mCreated: 1024x512x0 minecraft:textures/atlas/items.png-atlas
[m[34m[12:09:09][m [32m[Render thread/INFO][m [36m(Minecraft)[m [0mCreated: 1024x1024x0 minecraft:textures/atlas/gui.png-atlas
[m[34m[12:09:09][m [32m[Render thread/INFO][m [36m(Minecraft)[m [0mCreated: 128x64x0 minecraft:textures/atlas/map_decorations.png-atlas
[m[34m[12:09:09][m [32m[Render thread/INFO][m [36m(Minecraft)[m [0mCreated: 512x512x0 minecraft:textures/atlas/shulker_boxes.png-atlas
[m[34m[12:09:09][m [32m[Download-1/INFO][m [36m(Minecraft)[m [0mCould not authorize you against Realms server: java.lang.RuntimeException: Failed to parse into SignedJWT: FabricMC
[m[34m[12:09:14][m [32m[Render thread/INFO][m [36m(Minecraft)[m [0mLoaded 1585 recipes
[m[34m[12:09:14][m [32m[Render thread/INFO][m [36m(Minecraft)[m [0mLoaded 1688 advancements
[m[34m[12:09:14][m [32m[Server thread/INFO][m [36m(Minecraft)[m [0mStarting integrated minecraft server version 26.2
[m[34m[12:09:14][m [32m[Server thread/INFO][m [36m(Minecraft)[m [0mGenerating keypair
[m[34m[12:09:15][m [32m[Server thread/INFO][m [36m(Minecraft)[m [0mLoading 0 persistent chunks...
[m[34m[12:09:15][m [32m[Server thread/INFO][m [36m(Minecraft)[m [0mPreparing spawn area: 16%
[m[34m[12:09:15][m [32m[Server thread/INFO][m [36m(Minecraft)[m [0mSaving chunks for level 'ServerLevel[New World]'/minecraft:overworld
[m[34m[12:09:15][m [32m[Server thread/INFO][m [36m(Minecraft)[m [0mSaving chunks for level 'ServerLevel[New World]'/minecraft:the_end
[m[34m[12:09:15][m [32m[Server thread/INFO][m [36m(Minecraft)[m [0mSaving chunks for level 'ServerLevel[New World]'/minecraft:the_nether
[m[34m[12:09:15][m [32m[Server thread/INFO][m [36m(Minecraft)[m [0mThreadedAnvilChunkStorage (world): All chunks are saved
[m[34m[12:09:15][m [32m[Server thread/INFO][m [36m(Minecraft)[m [0mThreadedAnvilChunkStorage (DIM1): All chunks are saved
[m[34m[12:09:15][m [32m[Server thread/INFO][m [36m(Minecraft)[m [0mThreadedAnvilChunkStorage (DIM-1): All chunks are saved
[m[34m[12:09:15][m [32m[Server thread/INFO][m [36m(Minecraft)[m [0mThreadedAnvilChunkStorage: All dimensions are saved
[m[34m[12:09:15][m [32m[Server thread/INFO][m [36m(Minecraft)[m [0mLoading 49 chunks for player spawn...
[m[34m[12:09:15][m [32m[Server thread/INFO][m [36m(Minecraft)[m [0mPreparing spawn area: 16%
[m[34m[12:09:16][m [32m[Server thread/INFO][m [36m(Minecraft)[m [0mPreparing spawn area: 100%
[m[34m[12:09:16][m [32m[Server thread/INFO][m [36m(Minecraft)[m [0mTime elapsed: 1023 ms
[m[34m[12:09:16][m [32m[Server thread/INFO][m [36m(Minecraft)[m [0mPlayer303[local:E:fe9f9cae] logged in with entity id 90 at (-200.41052301314642, 63.0, -81.69999998807907)
[m[34m[12:09:16][m [32m[Server thread/INFO][m [36m(Minecraft)[m [0mPlayer303 joined the game
[m[34m[12:09:16][m [32m[Render thread/INFO][m [36m(Minecraft)[m [0mLoaded 6 advancements
[m[34m[12:09:16][m [32m[Server thread/INFO][m [36m(Minecraft)[m [0mChanging view distance to 16, from 10
[m[34m[12:09:16][m [32m[Server thread/INFO][m [36m(Minecraft)[m [0mChanging simulation distance to 12, from 0
[m[34m[12:09:16][m [31m[Download-1/ERROR][m [36m(Minecraft)[m [31mFailed to retrieve profile key pair
[m
MinecraftClientHttpException[type=HTTP_ERROR, status=401, response=ErrorResponse[path=/player/certificates, error=null, errorMessage=null, details=null]]
	at knot//com.mojang.authlib.minecraft.client.MinecraftClient.buildHttpException(MinecraftClient.java:170)
	at knot//com.mojang.authlib.minecraft.client.MinecraftClient.readServiceResponse(MinecraftClient.java:147)
	at knot//com.mojang.authlib.minecraft.client.MinecraftClient.post(MinecraftClient.java:89)
	at knot//com.mojang.authlib.yggdrasil.YggdrasilUserApiService.getKeyPair(YggdrasilUserApiService.java:62)
	at knot//net.minecraft.client.multiplayer.AccountProfileKeyPairManager.fetchProfileKeyPair(AccountProfileKeyPairManager.java:128)
	at knot//net.minecraft.client.multiplayer.AccountProfileKeyPairManager.lambda$readOrFetchProfileKeyPair$0(AccountProfileKeyPairManager.java:77)
	at java.base/java.util.concurrent.CompletableFuture$AsyncSupply.run(CompletableFuture.java:1789)
	at java.base/java.util.concurrent.ThreadPoolExecutor.runWorker(ThreadPoolExecutor.java:1090)
	at java.base/java.util.concurrent.ThreadPoolExecutor$Worker.run(ThreadPoolExecutor.java:614)
	at java.base/java.lang.Thread.run(Thread.java:1474)
[34m[12:09:16][m [32m[Render thread/INFO][m [36m(Minecraft)[m [0mResizing Dynamic Transforms UBO, capacity limit of 2 reached during a single frame. New capacity will be 4.
[m[34m[12:09:16][m [32m[Render thread/INFO][m [36m(Minecraft)[m [0mResizing Dynamic Transforms UBO, capacity limit of 4 reached during a single frame. New capacity will be 8.
[m[34m[12:09:16][m [32m[Render thread/INFO][m [36m(Minecraft)[m [0mResizing Dynamic Transforms UBO, capacity limit of 8 reached during a single frame. New capacity will be 16.
[m[34m[12:09:17][m [32m[Render thread/INFO][m [36m(Minecraft)[m [0mResizing Chunk Sections UBO, capacity limit of 2 reached during a single frame. New capacity will be 8.
[m[34m[12:09:17][m [32m[Render thread/INFO][m [36m(Minecraft)[m [0mResizing Chunk Sections UBO, capacity limit of 8 reached during a single frame. New capacity will be 16.
[m[34m[12:09:17][m [32m[Render thread/INFO][m [36m(Minecraft)[m [0mResizing Chunk Sections UBO, capacity limit of 16 reached during a single frame. New capacity will be 32.
[m[34m[12:09:17][m [32m[Render thread/INFO][m [36m(Minecraft)[m [0mResizing Chunk Sections UBO, capacity limit of 32 reached during a single frame. New capacity will be 64.
[m[34m[12:09:17][m [32m[Render thread/INFO][m [36m(Minecraft)[m [0mResizing Chunk Sections UBO, capacity limit of 64 reached during a single frame. New capacity will be 128.
[m[34m[12:09:17][m [32m[Render thread/INFO][m [36m(Minecraft)[m [0mResizing Chunk Sections UBO, capacity limit of 128 reached during a single frame. New capacity will be 256.
[m[34m[12:09:19][m [32m[Render thread/INFO][m [36m(Minecraft)[m [0mResizing Chunk Sections UBO, capacity limit of 256 reached during a single frame. New capacity will be 512.
[m[34m[12:09:39][m [32m[Render thread/INFO][m [36m(Minecraft)[m [0m[System] [CHAT] [Meteor] Toggled Auto Cart §aon.
[m[34m[12:09:40][m [32m[Render thread/INFO][m [36m(Minecraft)[m [0m[System] [CHAT] [Meteor] [Auto Cart] Placed and lit 5 TNT minecarts.
[m[34m[12:09:42][m [32m[Render thread/INFO][m [36m(Minecraft)[m [0mLoaded 16 advancements
[m[34m[12:09:55][m [32m[Server thread/INFO][m [36m(Minecraft)[m [0mSaving and pausing game...
[m[34m[12:09:55][m [32m[Server thread/INFO][m [36m(Minecraft)[m [0mSaving chunks for level 'ServerLevel[New World]'/minecraft:overworld
[m[34m[12:09:55][m [32m[Server thread/INFO][m [36m(Minecraft)[m [0mSaving chunks for level 'ServerLevel[New World]'/minecraft:the_end
[m[34m[12:09:55][m [32m[Server thread/INFO][m [36m(Minecraft)[m [0mSaving chunks for level 'ServerLevel[New World]'/minecraft:the_nether
[m[34m[12:10:07][m [32m[Render thread/INFO][m [36m(Minecraft)[m [0m[System] [CHAT] [Meteor] Toggled Auto Cart §aon.
[m[34m[12:10:07][m [32m[Render thread/INFO][m [36m(Minecraft)[m [0m[System] [CHAT] [Meteor] [Auto Cart] No target found in range, disabling.
[m[34m[12:10:10][m [32m[Render thread/INFO][m [36m(Minecraft)[m [0m[System] [CHAT] [Meteor] Toggled Auto Cart §aon.
[m[34m[12:10:11][m [32m[Render thread/INFO][m [36m(Minecraft)[m [0m[System] [CHAT] [Meteor] [Auto Cart] Placed and lit 5 TNT minecarts.
[m[34m[12:10:15][m [32m[Render thread/INFO][m [36m(Minecraft)[m [0mLoaded 19 advancements
[m[34m[12:10:19][m [32m[Render thread/INFO][m [36m(Minecraft)[m [0mResizing Chunk Sections UBO, capacity limit of 512 reached during a single frame. New capacity will be 1024.
[m[34m[12:10:58][m [32m[Server thread/INFO][m [36m(Minecraft)[m [0m[Player303: Successfully filled 441 block(s)]
[m[34m[12:10:58][m [32m[Render thread/INFO][m [36m(Minecraft)[m [0m[System] [CHAT] Successfully filled 441 block(s)
[m[34m[12:11:11][m [32m[Render thread/INFO][m [36m(Minecraft)[m [0m[System] [CHAT] [Meteor] Toggled Auto Cart §aon.
[m[34m[12:11:12][m [32m[Render thread/INFO][m [36m(Minecraft)[m [0m[System] [CHAT] [Meteor] [Auto Cart] Placed and lit 5 TNT minecarts.
[m[34m[12:11:14][m [32m[Render thread/INFO][m [36m(Minecraft)[m [0m[System] [CHAT] [Meteor] Toggled Auto Cart §aon.
[m[34m[12:11:15][m [32m[Render thread/INFO][m [36m(Minecraft)[m [0m[System] [CHAT] [Meteor] [Auto Cart] Placed and lit 5 TNT minecarts.
[m[34m[12:11:17][m [32m[Render thread/INFO][m [36m(Minecraft)[m [0m[System] [CHAT] [Meteor] Toggled Auto Cart §aon.
[m[34m[12:11:18][m [32m[Render thread/INFO][m [36m(Minecraft)[m [0m[System] [CHAT] [Meteor] [Auto Cart] Placed and lit 5 TNT minecarts.
[m[34m[12:11:26][m [32m[Render thread/INFO][m [36m(Minecraft)[m [0m[System] [CHAT] Can't give more than 100 of [Minecart with TNT]
[m[34m[12:11:29][m [32m[Server thread/INFO][m [36m(Minecraft)[m [0m[Player303: Gave 64 [Minecart with TNT] to Player303]
[m[34m[12:11:29][m [32m[Render thread/INFO][m [36m(Minecraft)[m [0m[System] [CHAT] Gave 64 [Minecart with TNT] to Player303
[m[34m[12:11:34][m [32m[Render thread/INFO][m [36m(Minecraft)[m [0m[System] [CHAT] [Meteor] Toggled Auto Cart §aon.
[m[34m[12:11:35][m [32m[Render thread/INFO][m [36m(Minecraft)[m [0m[System] [CHAT] [Meteor] [Auto Cart] Placed and lit 5 TNT minecarts.
[m[34m[12:11:37][m [32m[Render thread/INFO][m [36m(Minecraft)[m [0m[System] [CHAT] [Meteor] Toggled Auto Cart §aon.
[m[34m[12:11:38][m [32m[Render thread/INFO][m [36m(Minecraft)[m [0m[System] [CHAT] [Meteor] [Auto Cart] Placed and lit 5 TNT minecarts.
[m[34m[12:11:53][m [32m[Render thread/INFO][m [36m(Minecraft)[m [0mResizing Meteor - Mesh UBO, capacity limit of 16 reached during a single frame. New capacity will be 32.
[m[34m[12:12:03][m [32m[Render thread/INFO][m [36m(Minecraft)[m [0m[System] [CHAT] [Meteor] Toggled Auto Cart §aon.
[m[34m[12:12:05][m [32m[Render thread/INFO][m [36m(Minecraft)[m [0m[System] [CHAT] [Meteor] [Auto Cart] Placed and lit 16 TNT minecarts.
[m[34m[12:12:08][m [32m[Render thread/INFO][m [36m(Minecraft)[m [0m[System] [CHAT] [Meteor] Toggled Auto Cart §aon.
[m[34m[12:12:09][m [32m[Render thread/INFO][m [36m(Minecraft)[m [0m[System] [CHAT] [Meteor] [Auto Cart] No TNT minecarts found, disabling.
[m[34m[12:12:12][m [32m[Server thread/INFO][m [36m(Minecraft)[m [0m[Player303: Gave 64 [Minecart with TNT] to Player303]
[m[34m[12:12:12][m [32m[Render thread/INFO][m [36m(Minecraft)[m [0m[System] [CHAT] Gave 64 [Minecart with TNT] to Player303
[m[34m[12:12:15][m [32m[Render thread/INFO][m [36m(Minecraft)[m [0m[System] [CHAT] [Meteor] Toggled Auto Cart §aon.
[m[34m[12:12:16][m [32m[Render thread/INFO][m [36m(Minecraft)[m [0m[System] [CHAT] [Meteor] [Auto Cart] Placed and lit 16 TNT minecarts.
[m[34m[12:12:25][m [32m[Render thread/INFO][m [36m(Minecraft)[m [0m[System] [CHAT] [Meteor] Toggled Auto Cart §aon.
[m[34m[12:12:26][m [32m[Render thread/INFO][m [36m(Minecraft)[m [0m[System] [CHAT] [Meteor] [Auto Cart] No TNT minecarts found, disabling.
[m[34m[12:12:31][m [32m[Server thread/INFO][m [36m(Minecraft)[m [0m[Player303: Gave 64 [Minecart with TNT] to Player303]
[m[34m[12:12:31][m [32m[Render thread/INFO][m [36m(Minecraft)[m [0m[System] [CHAT] Gave 64 [Minecart with TNT] to Player303
[m[34m[12:12:33][m [32m[Render thread/INFO][m [36m(Minecraft)[m [0m[System] [CHAT] [Meteor] Toggled Auto Cart §aon.
[m[34m[12:12:34][m [32m[Render thread/INFO][m [36m(Minecraft)[m [0m[System] [CHAT] [Meteor] [Auto Cart] Placed and lit 16 TNT minecarts.
[m[34m[12:12:39][m [32m[Server thread/INFO][m [36m(Minecraft)[m [0m[Player303: Gave 64 [Minecart with TNT] to Player303]
[m[34m[12:12:39][m [32m[Render thread/INFO][m [36m(Minecraft)[m [0m[System] [CHAT] Gave 64 [Minecart with TNT] to Player303
[m[34m[12:12:40][m [32m[Render thread/INFO][m [36m(Minecraft)[m [0m[System] [CHAT] [Meteor] Toggled Auto Cart §aon.
[m[34m[12:12:42][m [32m[Render thread/INFO][m [36m(Minecraft)[m [0m[System] [CHAT] [Meteor] [Auto Cart] Placed and lit 16 TNT minecarts.
[m[34m[12:12:46][m [32m[Server thread/INFO][m [36m(Minecraft)[m [0mSaving and pausing game...
[m[34m[12:12:46][m [32m[Server thread/INFO][m [36m(Minecraft)[m [0mSaving chunks for level 'ServerLevel[New World]'/minecraft:overworld
[m[34m[12:12:46][m [32m[Server thread/INFO][m [36m(Minecraft)[m [0mSaving chunks for level 'ServerLevel[New World]'/minecraft:the_end
[m[34m[12:12:46][m [32m[Server thread/INFO][m [36m(Minecraft)[m [0mSaving chunks for level 'ServerLevel[New World]'/minecraft:the_nether
[m[34m[12:12:47][m [32m[Render thread/INFO][m [36m(Meteor Client)[m [0mSaving
[m[34m[12:12:47][m [32m[Server thread/INFO][m [36m(Minecraft)[m [0mPlayer303 lost connection: Disconnected
[m[34m[12:12:47][m [32m[Server thread/INFO][m [36m(Minecraft)[m [0mPlayer303 left the game
[m[34m[12:12:47][m [32m[Render thread/INFO][m [36m(Meteor Client)[m [0mSaved in 48 milliseconds.
[m[34m[12:12:47][m [32m[Server thread/INFO][m [36m(Minecraft)[m [0mStopping singleplayer server as player logged out
[m[34m[12:12:47][m [32m[Server thread/INFO][m [36m(Minecraft)[m [0mStopping server
[m[34m[12:12:47][m [32m[Server thread/INFO][m [36m(Minecraft)[m [0mSaving players
[m[34m[12:12:47][m [32m[Server thread/INFO][m [36m(Minecraft)[m [0mSaving worlds
[m[34m[12:12:47][m [32m[Server thread/INFO][m [36m(Minecraft)[m [0mSaving chunks for level 'ServerLevel[New World]'/minecraft:overworld
[m[34m[12:12:48][m [32m[Server thread/INFO][m [36m(Minecraft)[m [0mSaving chunks for level 'ServerLevel[New World]'/minecraft:the_end
[m[34m[12:12:48][m [32m[Server thread/INFO][m [36m(Minecraft)[m [0mSaving chunks for level 'ServerLevel[New World]'/minecraft:the_nether
[m[34m[12:12:48][m [32m[Server thread/INFO][m [36m(Minecraft)[m [0mThreadedAnvilChunkStorage (world): All chunks are saved
[m[34m[12:12:48][m [32m[Server thread/INFO][m [36m(Minecraft)[m [0mThreadedAnvilChunkStorage (DIM1): All chunks are saved
[m[34m[12:12:48][m [32m[Server thread/INFO][m [36m(Minecraft)[m [0mThreadedAnvilChunkStorage (DIM-1): All chunks are saved
[m[34m[12:12:48][m [32m[Server thread/INFO][m [36m(Minecraft)[m [0mThreadedAnvilChunkStorage: All dimensions are saved
[m[34m[12:12:50][m [32m[Render thread/INFO][m [36m(Minecraft)[m [0mStopping!
[m[34m[12:12:50][m [32m[Thread-3/INFO][m [36m(Meteor Client)[m [0mSaving
[m
BUILD SUCCESSFUL in 4m 3s
6 actionable tasks: 1 executed, 5 up-to-date
